<html>
<body>
<pre>
<h1>礦ision Build Log</h1>
<h2>Tool Versions:</h2>
IDE-Version: μVision V5.24.2.0
Copyright (C) 2017 ARM Ltd and ARM Germany GmbH. All rights reserved.
License Information: 4 8615879865010, 4, LIC=585FJ-UBSA0-8TI3P-MIKY2-PH1EQ-SL80D
 
Tool Versions:
Toolchain:       MDK-ARM Plus  Version: 5.24.1
Toolchain Path:  D:\keil5\ARM\ARMCC\Bin
C Compiler:      Armcc.exe V5.06 update 5 (build 528)
Assembler:       Armasm.exe V5.06 update 5 (build 528)
Linker/Locator:  ArmLink.exe V5.06 update 5 (build 528)
Library Manager: ArmAr.exe V5.06 update 5 (build 528)
Hex Converter:   FromElf.exe V5.06 update 5 (build 528)
CPU DLL:         SARMCM3.DLL V5.24.1
Dialog DLL:      DCM.DLL V1.16.0.0
Target DLL:      UL2CM3.DLL V1.160.3.0
Dialog DLL:      TCM.DLL V1.32.0.0
 
<h2>Project:</h2>
D:\32单片机\proje1\显示屏\las111\Project.uvprojx
Project File Date:  03/21/2026

<h2>Output:</h2>
*** Using Compiler 'V5.06 update 5 (build 528)', folder: 'D:\keil5\ARM\ARMCC\Bin'
Build target 'Target 1'
compiling Key.c...
compiling AD.c...
compiling main.c...
compiling LED.c...
Hardware\LED.c(29): warning:  #177-D: variable "experiment_mode_active"  was declared but never referenced
  static uint8_t experiment_mode_active = 0;
Hardware\LED.c(31): warning:  #177-D: variable "experiment2_ch1_output"  was declared but never referenced
  static float experiment2_ch1_output = 1.00f;  // 通道1输出电压
Hardware\LED.c(32): warning:  #177-D: variable "experiment2_ch2_output"  was declared but never referenced
  static float experiment2_ch2_output = 1.00f;  // 通道2输出电压
Hardware\LED.c: 3 warnings, 0 errors
linking...
Program Size: Code=16156 RO-data=1864 RW-data=180 ZI-data=1444  
".\Objects\Project.axf" - 0 Error(s), 3 Warning(s).

<h2>Software Packages used:</h2>

Package Vendor: Keil
                http://www.keil.com/pack/Keil.STM32F1xx_DFP.2.2.0.pack
                Keil.STM32F1xx_DFP.2.2.0
                STMicroelectronics STM32F1 Series Device Support, Drivers and Examples

<h2>Collection of Component include folders:</h2>
  .\RTE\_Target_1
  D:\keil5\ARM\PACK\Keil\STM32F1xx_DFP\2.2.0\Device\Include

<h2>Collection of Component Files used:</h2>
Build Time Elapsed:  00:00:03
</pre>
</body>
</html>
